This file contains any messages produced by compilers while
running configure, to aid debugging if configure makes a mistake.

It was created by libevdev configure 1.13.4, which was
generated by GNU Autoconf 2.71.  Invocation command line was

  $ /home/user/voice/target/debug/build/evdev-sys-f4a7e9274c955740/out/libevdev/configure --host=x86_64-unknown-linux-gnu --target=x86_64-unknown-linux-gnu --prefix=/home/user/voice/target/debug/build/evdev-sys-f4a7e9274c955740/out

## --------- ##
## Platform. ##
## --------- ##

hostname = vm
uname -m = x86_64
uname -r = 6.18.44-fc-v33
uname -s = Linux
uname -v = #1 SMP PREEMPT_DYNAMIC @0

/usr/bin/uname -p = x86_64
/bin/uname -X     = unknown

/bin/arch              = x86_64
/usr/bin/arch -k       = unknown
/usr/convex/getsysinfo = unknown
/usr/bin/hostinfo      = unknown
/bin/machine           = unknown
/usr/bin/oslevel       = unknown
/bin/universe          = unknown

PATH: /root/.local/bin/
PATH: /root/.cargo/bin/
PATH: /usr/local/go/bin/
PATH: /opt/node22/bin/
PATH: /opt/maven/bin/
PATH: /opt/gradle/bin/
PATH: /opt/rbenv/bin/
PATH: /root/.bun/bin/
PATH: /usr/local/sbin/
PATH: /usr/local/bin/
PATH: /usr/sbin/
PATH: /usr/bin/
PATH: /sbin/
PATH: /bin/


## ----------- ##
## Core tests. ##
## ----------- ##

configure:2421: looking for aux files: config.guess config.sub ltmain.sh missing install-sh compile
configure:2434:  trying /home/user/voice/target/debug/build/evdev-sys-f4a7e9274c955740/out/libevdev/build-aux/
configure:2463:   /home/user/voice/target/debug/build/evdev-sys-f4a7e9274c955740/out/libevdev/build-aux/config.guess found
configure:2463:   /home/user/voice/target/debug/build/evdev-sys-f4a7e9274c955740/out/libevdev/build-aux/config.sub found
configure:2463:   /home/user/voice/target/debug/build/evdev-sys-f4a7e9274c955740/out/libevdev/build-aux/ltmain.sh found
configure:2463:   /home/user/voice/target/debug/build/evdev-sys-f4a7e9274c955740/out/libevdev/build-aux/missing found
configure:2445:   /home/user/voice/target/debug/build/evdev-sys-f4a7e9274c955740/out/libevdev/build-aux/install-sh found
configure:2463:   /home/user/voice/target/debug/build/evdev-sys-f4a7e9274c955740/out/libevdev/build-aux/compile found
configure:2602: checking for x86_64-unknown-linux-gnu-gcc
configure:2634: result: cc
configure:3032: checking for C compiler version
configure:3041: cc --version >&5
cc (Ubuntu 13.3.0-6ubuntu2~24.04.1) 13.3.0
Copyright (C) 2023 Free Software Foundation, Inc.
This is free software; see the source for copying conditions.  There is NO
warranty; not even for MERCHANTABILITY or FITNESS FOR A PARTICULAR PURPOSE.

configure:3052: $? = 0
configure:3041: cc -v >&5
Using built-in specs.
COLLECT_GCC=cc
COLLECT_LTO_WRAPPER=/usr/libexec/gcc/x86_64-linux-gnu/13/lto-wrapper
OFFLOAD_TARGET_NAMES=nvptx-none:amdgcn-amdhsa
OFFLOAD_TARGET_DEFAULT=1
Target: x86_64-linux-gnu
Configured with: ../src/configure -v --with-pkgversion='Ubuntu 13.3.0-6ubuntu2~24.04.1' --with-bugurl=file:///usr/share/doc/gcc-13/README.Bugs --enable-languages=c,ada,c++,go,d,fortran,objc,obj-c++,m2 --prefix=/usr --with-gcc-major-version-only --program-suffix=-13 --program-prefix=x86_64-linux-gnu- --enable-shared --enable-linker-build-id --libexecdir=/usr/libexec --without-included-gettext --enable-threads=posix --libdir=/usr/lib --enable-nls --enable-bootstrap --enable-clocale=gnu --enable-libstdcxx-debug --enable-libstdcxx-time=yes --with-default-libstdcxx-abi=new --enable-libstdcxx-backtrace --enable-gnu-unique-object --disable-vtable-verify --enable-plugin --enable-default-pie --with-system-zlib --enable-libphobos-checking=release --with-target-system-zlib=auto --enable-objc-gc=auto --enable-multiarch --disable-werror --enable-cet --with-arch-32=i686 --with-abi=m64 --with-multilib-list=m32,m64,mx32 --enable-multilib --with-tune=generic --enable-offload-targets=nvptx-none=/build/gcc-13-EldibY/gcc-13-13.3.0/debian/tmp-nvptx/usr,amdgcn-amdhsa=/build/gcc-13-EldibY/gcc-13-13.3.0/debian/tmp-gcn/usr --enable-offload-defaulted --without-cuda-driver --enable-checking=release --build=x86_64-linux-gnu --host=x86_64-linux-gnu --target=x86_64-linux-gnu --with-build-config=bootstrap-lto-lean --enable-link-serialization=2
Thread model: posix
Supported LTO compression algorithms: zlib zstd
gcc version 13.3.0 (Ubuntu 13.3.0-6ubuntu2~24.04.1) 
... rest of stderr output deleted ...
configure:3052: $? = 0
configure:3041: cc -V >&5
cc: error: unrecognized command-line option '-V'
cc: fatal error: no input files
compilation terminated.
configure:3052: $? = 1
configure:3041: cc -qversion >&5
cc: error: unrecognized command-line option '-qversion'; did you mean '--version'?
cc: fatal error: no input files
compilation terminated.
configure:3052: $? = 1
configure:3041: cc -version >&5
cc: error: unrecognized command-line option '-version'
cc: fatal error: no input files
compilation terminated.
configure:3052: $? = 1
configure:3072: checking whether the C compiler works
configure:3094: cc -O0 -ffunction-sections -fdata-sections -fPIC -g -gdwarf-4 -fno-omit-frame-pointer -mno-omit-leaf-frame-pointer -m64 -Wall -Wextra    conftest.c  >&5
configure:3098: $? = 0
configure:3148: result: yes
configure:3151: checking for C compiler default output file name
configure:3153: result: a.out
configure:3159: checking for suffix of executables
configure:3166: cc -o conftest -O0 -ffunction-sections -fdata-sections -fPIC -g -gdwarf-4 -fno-omit-frame-pointer -mno-omit-leaf-frame-pointer -m64 -Wall -Wextra    conftest.c  >&5
configure:3170: $? = 0
configure:3193: result: 
configure:3215: checking whether we are cross compiling
configure:3223: cc -o conftest -O0 -ffunction-sections -fdata-sections -fPIC -g -gdwarf-4 -fno-omit-frame-pointer -mno-omit-leaf-frame-pointer -m64 -Wall -Wextra    conftest.c  >&5
configure:3227: $? = 0
configure:3234: ./conftest
configure:3238: $? = 0
configure:3253: result: no
configure:3258: checking for suffix of object files
configure:3281: cc -c -O0 -ffunction-sections -fdata-sections -fPIC -g -gdwarf-4 -fno-omit-frame-pointer -mno-omit-leaf-frame-pointer -m64 -Wall -Wextra   conftest.c >&5
configure:3285: $? = 0
configure:3307: result: o
configure:3311: checking whether the compiler supports GNU C
configure:3331: cc -c -O0 -ffunction-sections -fdata-sections -fPIC -g -gdwarf-4 -fno-omit-frame-pointer -mno-omit-leaf-frame-pointer -m64 -Wall -Wextra   conftest.c >&5
configure:3331: $? = 0
configure:3341: result: yes
configure:3352: checking whether cc accepts -g
configure:3373: cc -c -g  conftest.c >&5
configure:3373: $? = 0
configure:3417: result: yes
configure:3437: checking for cc option to enable C11 features
configure:3452: cc  -c -O0 -ffunction-sections -fdata-sections -fPIC -g -gdwarf-4 -fno-omit-frame-pointer -mno-omit-leaf-frame-pointer -m64 -Wall -Wextra   conftest.c >&5
conftest.c:184:1: warning: '_Noreturn' is not at beginning of declaration [-Wold-style-declaration]
  184 | int _Noreturn does_not_return (void) { for (;;) continue; }
      | ^~~
configure:3452: $? = 0
configure:3470: result: none needed
configure:3586: checking whether cc understands -c and -o together
configure:3609: cc -c conftest.c -o conftest2.o
configure:3612: $? = 0
configure:3609: cc -c conftest.c -o conftest2.o
configure:3612: $? = 0
configure:3624: result: yes
configure:3646: checking for stdio.h
configure:3646: cc -c -O0 -ffunction-sections -fdata-sections -fPIC -g -gdwarf-4 -fno-omit-frame-pointer -mno-omit-leaf-frame-pointer -m64 -Wall -Wextra   conftest.c >&5
configure:3646: $? = 0
configure:3646: result: yes
configure:3646: checking for stdlib.h
configure:3646: cc -c -O0 -ffunction-sections -fdata-sections -fPIC -g -gdwarf-4 -fno-omit-frame-pointer -mno-omit-leaf-frame-pointer -m64 -Wall -Wextra   conftest.c >&5
configure:3646: $? = 0
configure:3646: result: yes
configure:3646: checking for string.h
configure:3646: cc -c -O0 -ffunction-sections -fdata-sections -fPIC -g -gdwarf-4 -fno-omit-frame-pointer -mno-omit-leaf-frame-pointer -m64 -Wall -Wextra   conftest.c >&5
configure:3646: $? = 0
configure:3646: result: yes
configure:3646: checking for inttypes.h
configure:3646: cc -c -O0 -ffunction-sections -fdata-sections -fPIC -g -gdwarf-4 -fno-omit-frame-pointer -mno-omit-leaf-frame-pointer -m64 -Wall -Wextra   conftest.c >&5
configure:3646: $? = 0
configure:3646: result: yes
configure:3646: checking for stdint.h
configure:3646: cc -c -O0 -ffunction-sections -fdata-sections -fPIC -g -gdwarf-4 -fno-omit-frame-pointer -mno-omit-leaf-frame-pointer -m64 -Wall -Wextra   conftest.c >&5
configure:3646: $? = 0
configure:3646: result: yes
configure:3646: checking for strings.h
configure:3646: cc -c -O0 -ffunction-sections -fdata-sections -fPIC -g -gdwarf-4 -fno-omit-frame-pointer -mno-omit-leaf-frame-pointer -m64 -Wall -Wextra   conftest.c >&5
configure:3646: $? = 0
configure:3646: result: yes
configure:3646: checking for sys/stat.h
configure:3646: cc -c -O0 -ffunction-sections -fdata-sections -fPIC -g -gdwarf-4 -fno-omit-frame-pointer -mno-omit-leaf-frame-pointer -m64 -Wall -Wextra   conftest.c >&5
configure:3646: $? = 0
configure:3646: result: yes
configure:3646: checking for sys/types.h
configure:3646: cc -c -O0 -ffunction-sections -fdata-sections -fPIC -g -gdwarf-4 -fno-omit-frame-pointer -mno-omit-leaf-frame-pointer -m64 -Wall -Wextra   conftest.c >&5
configure:3646: $? = 0
configure:3646: result: yes
configure:3646: checking for unistd.h
configure:3646: cc -c -O0 -ffunction-sections -fdata-sections -fPIC -g -gdwarf-4 -fno-omit-frame-pointer -mno-omit-leaf-frame-pointer -m64 -Wall -Wextra   conftest.c >&5
configure:3646: $? = 0
configure:3646: result: yes
configure:3646: checking for wchar.h
configure:3646: cc -c -O0 -ffunction-sections -fdata-sections -fPIC -g -gdwarf-4 -fno-omit-frame-pointer -mno-omit-leaf-frame-pointer -m64 -Wall -Wextra   conftest.c >&5
configure:3646: $? = 0
configure:3646: result: yes
configure:3646: checking for minix/config.h
configure:3646: cc -c -O0 -ffunction-sections -fdata-sections -fPIC -g -gdwarf-4 -fno-omit-frame-pointer -mno-omit-leaf-frame-pointer -m64 -Wall -Wextra   conftest.c >&5
conftest.c:47:10: fatal error: minix/config.h: No such file or directory
   47 | #include <minix/config.h>
      |          ^~~~~~~~~~~~~~~~
compilation terminated.
configure:3646: $? = 1
configure: failed program was:
| /* confdefs.h */
| #define PACKAGE_NAME "libevdev"
| #define PACKAGE_TARNAME "libevdev"
| #define PACKAGE_VERSION "1.13.4"
| #define PACKAGE_STRING "libevdev 1.13.4"
| #define PACKAGE_BUGREPORT "https://gitlab.freedesktop.org/libevdev/libevdev/issues/"
| #define PACKAGE_URL "http://freedesktop.org/wiki/Software/libevdev/"
| #define HAVE_STDIO_H 1
| #define HAVE_STDLIB_H 1
| #define HAVE_STRING_H 1
| #define HAVE_INTTYPES_H 1
| #define HAVE_STDINT_H 1
| #define HAVE_STRINGS_H 1
| #define HAVE_SYS_STAT_H 1
| #define HAVE_SYS_TYPES_H 1
| #define HAVE_UNISTD_H 1
| #define HAVE_WCHAR_H 1
| /* end confdefs.h.  */
| #include <stddef.h>
| #ifdef HAVE_STDIO_H
| # include <stdio.h>
| #endif
| #ifdef HAVE_STDLIB_H
| # include <stdlib.h>
| #endif
| #ifdef HAVE_STRING_H
| # include <string.h>
| #endif
| #ifdef HAVE_INTTYPES_H
| # include <inttypes.h>
| #endif
| #ifdef HAVE_STDINT_H
| # include <stdint.h>
| #endif
| #ifdef HAVE_STRINGS_H
| # include <strings.h>
| #endif
| #ifdef HAVE_SYS_TYPES_H
| # include <sys/types.h>
| #endif
| #ifdef HAVE_SYS_STAT_H
| # include <sys/stat.h>
| #endif
| #ifdef HAVE_UNISTD_H
| # include <unistd.h>
| #endif
| #include <minix/config.h>
configure:3646: result: no
configure:3677: checking whether it is safe to define __EXTENSIONS__
configure:3696: cc -c -O0 -ffunction-sections -fdata-sections -fPIC -g -gdwarf-4 -fno-omit-frame-pointer -mno-omit-leaf-frame-pointer -m64 -Wall -Wextra   conftest.c >&5
configure:3696: $? = 0
configure:3704: result: yes
configure:3707: checking whether _XOPEN_SOURCE should be defined
configure:3729: cc -c -O0 -ffunction-sections -fdata-sections -fPIC -g -gdwarf-4 -fno-omit-frame-pointer -mno-omit-leaf-frame-pointer -m64 -Wall -Wextra   conftest.c >&5
configure:3729: $? = 0
configure:3756: result: no
configure:3830: checking for a BSD-compatible install
configure:3903: result: /usr/bin/install -c
configure:3914: checking whether build environment is sane
configure:3969: result: yes
configure:4124: checking for a race-free mkdir -p
configure:4168: result: /usr/bin/mkdir -p
configure:4175: checking for gawk
configure:4210: result: no
configure:4175: checking for mawk
configure:4196: found /usr/bin/mawk
configure:4207: result: mawk
configure:4218: checking whether make sets $(MAKE)
configure:4241: result: yes
configure:4263: checking whether make supports the include directive
configure:4278: make -f confmf.GNU && cat confinc.out
this is the am__doit target
configure:4281: $? = 0
configure:4300: result: yes (GNU style)
configure:4335: checking whether make supports nested variables
configure:4353: result: yes
configure:4434: checking dependency style of cc
configure:4546: result: gcc3
configure:4637: checking whether make supports nested variables
configure:4655: result: yes
configure:4704: checking build system type
configure:4719: result: x86_64-pc-linux-gnu
configure:4739: checking host system type
configure:4753: result: x86_64-unknown-linux-gnu
configure:4794: checking how to print strings
configure:4821: result: printf
configure:4842: checking for a sed that does not truncate output
configure:4912: result: /usr/bin/sed
configure:4930: checking for grep that handles long lines and -e
configure:4994: result: /usr/bin/grep
configure:4999: checking for egrep
configure:5067: result: /usr/bin/grep -E
configure:5072: checking for fgrep
configure:5140: result: /usr/bin/grep -F
configure:5176: checking for ld used by cc
configure:5244: result: /usr/bin/ld
configure:5251: checking if the linker (/usr/bin/ld) is GNU ld
configure:5267: result: yes
configure:5279: checking for BSD- or MS-compatible name lister (nm)
configure:5334: result: no
configure:5348: checking for x86_64-unknown-linux-gnu-dumpbin
configure:5383: result: no
configure:5348: checking for x86_64-unknown-linux-gnu-link
configure:5383: result: no
configure:5397: checking for dumpbin
configure:5432: result: no
configure:5397: checking for link
configure:5418: found /usr/bin/link
configure:5429: result: link -dump
configure:5474: checking the name lister (nm) interface
configure:5482: cc -c -O0 -ffunction-sections -fdata-sections -fPIC -g -gdwarf-4 -fno-omit-frame-pointer -mno-omit-leaf-frame-pointer -m64 -Wall -Wextra   conftest.c >&5
configure:5485: nm "conftest.o"
configure:5488: output
0000000000000000 B some_variable
configure:5495: result: BSD nm
configure:5498: checking whether ln -s works
configure:5502: result: yes
configure:5510: checking the maximum length of command line arguments
configure:5642: result: 1572864
configure:5690: checking how to convert x86_64-pc-linux-gnu file names to x86_64-unknown-linux-gnu format
configure:5731: result: func_convert_file_noop
configure:5738: checking how to convert x86_64-pc-linux-gnu file names to toolchain format
configure:5759: result: func_convert_file_noop
configure:5766: checking for /usr/bin/ld option to reload object files
configure:5774: result: -r
configure:5808: checking for x86_64-unknown-linux-gnu-file
configure:5843: result: no
configure:5853: checking for file
configure:5874: found /usr/bin/file
configure:5885: result: file
configure:5916: checking for x86_64-unknown-linux-gnu-objdump
configure:5951: result: no
configure:5961: checking for objdump
configure:5982: found /usr/bin/objdump
configure:5993: result: objdump
configure:6025: checking how to recognize dependent libraries
configure:6226: result: pass_all
configure:6271: checking for x86_64-unknown-linux-gnu-dlltool
configure:6306: result: no
configure:6316: checking for dlltool
configure:6351: result: no
configure:6381: checking how to associate runtime and link libraries
configure:6409: result: printf %s\n
configure:6425: checking for x86_64-unknown-linux-gnu-ar
configure:6460: result: no
configure:6474: checking for ar
configure:6495: found /usr/bin/ar
configure:6506: result: ar
configure:6559: checking for archiver @FILE support
configure:6577: cc -c -O0 -ffunction-sections -fdata-sections -fPIC -g -gdwarf-4 -fno-omit-frame-pointer -mno-omit-leaf-frame-pointer -m64 -Wall -Wextra   conftest.c >&5
configure:6577: $? = 0
configure:6581: ar cr libconftest.a @conftest.lst >&5
configure:6584: $? = 0
configure:6589: ar cr libconftest.a @conftest.lst >&5
ar: conftest.o: No such file or directory
configure:6592: $? = 1
configure:6604: result: @
configure:6622: checking for x86_64-unknown-linux-gnu-strip
configure:6657: result: no
configure:6667: checking for strip
configure:6688: found /usr/bin/strip
configure:6699: result: strip
configure:6731: checking for x86_64-unknown-linux-gnu-ranlib
configure:6766: result: no
configure:6776: checking for ranlib
configure:6797: found /usr/bin/ranlib
configure:6808: result: ranlib
configure:6910: checking command to parse nm output from cc object
configure:7064: cc -c -O0 -ffunction-sections -fdata-sections -fPIC -g -gdwarf-4 -fno-omit-frame-pointer -mno-omit-leaf-frame-pointer -m64 -Wall -Wextra   conftest.c >&5
configure:7067: $? = 0
configure:7071: nm conftest.o | /usr/bin/sed -n -e 's/^.*[	 ]\([ABCDGIRSTW][ABCDGIRSTW]*\)[	 ][	 ]*\([_A-Za-z][_A-Za-z0-9]*\)$/\1 \2 \2/p' | /usr/bin/sed '/ __gnu_lto/d' > conftest.nm
configure:7137: cc -o conftest -O0 -ffunction-sections -fdata-sections -fPIC -g -gdwarf-4 -fno-omit-frame-pointer -mno-omit-leaf-frame-pointer -m64 -Wall -Wextra    conftest.c conftstm.o >&5
configure:7140: $? = 0
configure:7178: result: ok
configure:7225: checking for sysroot
configure:7256: result: no
configure:7263: checking for a working dd
configure:7307: result: /usr/bin/dd
configure:7311: checking how to truncate binary pipes
configure:7327: result: /usr/bin/dd bs=4096 count=1
configure:7464: cc -c -O0 -ffunction-sections -fdata-sections -fPIC -g -gdwarf-4 -fno-omit-frame-pointer -mno-omit-leaf-frame-pointer -m64 -Wall -Wextra   conftest.c >&5
configure:7467: $? = 0
configure:7619: checking for x86_64-unknown-linux-gnu-mt
configure:7654: result: no
configure:7664: checking for mt
configure:7699: result: no
configure:7719: checking if : is a manifest tool
configure:7726: : '-?'
configure:7734: result: no
configure:8455: checking for dlfcn.h
configure:8455: cc -c -O0 -ffunction-sections -fdata-sections -fPIC -g -gdwarf-4 -fno-omit-frame-pointer -mno-omit-leaf-frame-pointer -m64 -Wall -Wextra   conftest.c >&5
configure:8455: $? = 0
configure:8455: result: yes
configure:8714: checking for objdir
configure:8730: result: .libs
configure:8994: checking if cc supports -fno-rtti -fno-exceptions
configure:9013: cc -c -O0 -ffunction-sections -fdata-sections -fPIC -g -gdwarf-4 -fno-omit-frame-pointer -mno-omit-leaf-frame-pointer -m64 -Wall -Wextra   -fno-rtti -fno-exceptions conftest.c >&5
cc1: warning: command-line option '-fno-rtti' is valid for C++/D/ObjC++ but not for C
configure:9017: $? = 0
configure:9030: result: no
configure:9394: checking for cc option to produce PIC
configure:9402: result: -fPIC -DPIC
configure:9410: checking if cc PIC flag -fPIC -DPIC works
configure:9429: cc -c -O0 -ffunction-sections -fdata-sections -fPIC -g -gdwarf-4 -fno-omit-frame-pointer -mno-omit-leaf-frame-pointer -m64 -Wall -Wextra   -fPIC -DPIC -DPIC conftest.c >&5
configure:9433: $? = 0
configure:9446: result: yes
configure:9475: checking if cc static flag -static works
configure:9504: result: yes
configure:9519: checking if cc supports -c -o file.o
configure:9541: cc -c -O0 -ffunction-sections -fdata-sections -fPIC -g -gdwarf-4 -fno-omit-frame-pointer -mno-omit-leaf-frame-pointer -m64 -Wall -Wextra   -o out/conftest2.o conftest.c >&5
configure:9545: $? = 0
configure:9567: result: yes
configure:9575: checking if cc supports -c -o file.o
configure:9623: result: yes
configure:9656: checking whether the cc linker (/usr/bin/ld -m elf_x86_64) supports shared libraries
configure:10930: result: yes
configure:10967: checking whether -lc should be explicitly linked in
configure:10976: cc -c -O0 -ffunction-sections -fdata-sections -fPIC -g -gdwarf-4 -fno-omit-frame-pointer -mno-omit-leaf-frame-pointer -m64 -Wall -Wextra   conftest.c >&5
configure:10979: $? = 0
configure:10994: cc -shared  -fPIC -DPIC conftest.o  -v -Wl,-soname -Wl,conftest -o conftest 2\>\&1 \| /usr/bin/grep  -lc  \>/dev/null 2\>\&1
configure:10997: $? = 0
configure:11011: result: no
configure:11171: checking dynamic linker characteristics
configure:11753: cc -o conftest -O0 -ffunction-sections -fdata-sections -fPIC -g -gdwarf-4 -fno-omit-frame-pointer -mno-omit-leaf-frame-pointer -m64 -Wall -Wextra    -Wl,-rpath -Wl,/foo conftest.c  >&5
configure:11753: $? = 0
configure:12004: result: GNU/Linux ld.so
configure:12126: checking how to hardcode library paths into programs
configure:12151: result: immediate
configure:12703: checking whether stripping libraries is possible
configure:12712: result: yes
configure:12754: checking if libtool supports shared libraries
configure:12756: result: yes
configure:12759: checking whether to build shared libraries
configure:12784: result: yes
configure:12787: checking whether to build static libraries
configure:12791: result: yes
configure:12841: checking for ld used by cc
configure:12909: result: /usr/bin/ld
configure:12916: checking if the linker (/usr/bin/ld) is GNU ld
configure:12932: result: yes
configure:12951: checking if cc supports flag -Wl,--as-needed in envvar LDFLAGS
configure:12963: cc -o conftest -O0 -ffunction-sections -fdata-sections -fPIC -g -gdwarf-4 -fno-omit-frame-pointer -mno-omit-leaf-frame-pointer -m64 -Wall -Wextra   -Werror -Wl,--as-needed conftest.c  >&5
configure:12963: $? = 0
configure:12974: result: yes
configure:12951: checking if cc supports flag -Wl,--gc-sections in envvar LDFLAGS
configure:12963: cc -o conftest -O0 -ffunction-sections -fdata-sections -fPIC -g -gdwarf-4 -fno-omit-frame-pointer -mno-omit-leaf-frame-pointer -m64 -Wall -Wextra   -Werror -Wl,--gc-sections conftest.c  >&5
configure:12963: $? = 0
configure:12974: result: yes
configure:12951: checking if cc supports flag -Wl,-z,relro in envvar LDFLAGS
configure:12963: cc -o conftest -O0 -ffunction-sections -fdata-sections -fPIC -g -gdwarf-4 -fno-omit-frame-pointer -mno-omit-leaf-frame-pointer -m64 -Wall -Wextra   -Werror -Wl,-z,relro conftest.c  >&5
configure:12963: $? = 0
configure:12974: result: yes
configure:12951: checking if cc supports flag -Wl,-z,now in envvar LDFLAGS
configure:12963: cc -o conftest -O0 -ffunction-sections -fdata-sections -fPIC -g -gdwarf-4 -fno-omit-frame-pointer -mno-omit-leaf-frame-pointer -m64 -Wall -Wextra   -Werror -Wl,-z,now conftest.c  >&5
configure:12963: $? = 0
configure:12974: result: yes
configure:12999: checking for round in -lm
configure:13022: cc -o conftest -O0 -ffunction-sections -fdata-sections -fPIC -g -gdwarf-4 -fno-omit-frame-pointer -mno-omit-leaf-frame-pointer -m64 -Wall -Wextra    conftest.c -lm   >&5
conftest.c:44:6: warning: conflicting types for built-in function 'round'; expected 'double(double)' [-Wbuiltin-declaration-mismatch]
   44 | char round ();
      |      ^~~~~
conftest.c:1:1: note: 'round' is declared in header '<math.h>'
    1 | /* confdefs.h */
configure:13022: $? = 0
configure:13032: result: yes
configure:13054: checking for x86_64-unknown-linux-gnu-pkg-config
configure:13092: result: no
configure:13102: checking for pkg-config
configure:13125: found /usr/bin/pkg-config
configure:13137: result: /usr/bin/pkg-config
configure:13162: checking pkg-config is at least version 0.9.0
configure:13165: result: yes
configure:13175: checking for check >= 0.9.9
configure:13182: $PKG_CONFIG --exists --print-errors "check >= 0.9.9"
Package check was not found in the pkg-config search path.
Perhaps you should add the directory containing `check.pc'
to the PKG_CONFIG_PATH environment variable
Package 'check', required by 'virtual:world', not found
configure:13185: $? = 1
configure:13199: $PKG_CONFIG --exists --print-errors "check >= 0.9.9"
Package check was not found in the pkg-config search path.
Perhaps you should add the directory containing `check.pc'
to the PKG_CONFIG_PATH environment variable
Package 'check', required by 'virtual:world', not found
configure:13202: $? = 1
configure:13216: result: no
Package 'check', required by 'virtual:world', not found
configure:13245: WARNING: check not found - skipping building unit tests
configure:13283: checking if cc supports flag -Wall in envvar CFLAGS
configure:13295: cc -o conftest -Werror -Wall   conftest.c -lm  >&5
configure:13295: $? = 0
configure:13306: result: yes
configure:13283: checking if cc supports flag -Wextra in envvar CFLAGS
configure:13295: cc -o conftest -Werror -Wextra   conftest.c -lm  >&5
configure:13295: $? = 0
configure:13306: result: yes
configure:13283: checking if cc supports flag -Wno-unused-parameter in envvar CFLAGS
configure:13295: cc -o conftest -Werror -Wno-unused-parameter   conftest.c -lm  >&5
configure:13295: $? = 0
configure:13306: result: yes
configure:13283: checking if cc supports flag -Wstrict-prototypes in envvar CFLAGS
configure:13295: cc -o conftest -Werror -Wstrict-prototypes   conftest.c -lm  >&5
configure:13295: $? = 0
configure:13306: result: yes
configure:13283: checking if cc supports flag -Wmissing-prototypes in envvar CFLAGS
configure:13295: cc -o conftest -Werror -Wmissing-prototypes   conftest.c -lm  >&5
configure:13295: $? = 0
configure:13306: result: yes
configure:13283: checking if cc supports flag -fvisibility=hidden in envvar CFLAGS
configure:13295: cc -o conftest -Werror -fvisibility=hidden   conftest.c -lm  >&5
configure:13295: $? = 0
configure:13306: result: yes
configure:13283: checking if cc supports flag -pipe in envvar CFLAGS
configure:13295: cc -o conftest -Werror -pipe   conftest.c -lm  >&5
configure:13295: $? = 0
configure:13306: result: yes
configure:13283: checking if cc supports flag -fno-strict-aliasing in envvar CFLAGS
configure:13295: cc -o conftest -Werror -fno-strict-aliasing   conftest.c -lm  >&5
configure:13295: $? = 0
configure:13306: result: yes
configure:13283: checking if cc supports flag -ffunction-sections in envvar CFLAGS
configure:13295: cc -o conftest -Werror -ffunction-sections   conftest.c -lm  >&5
configure:13295: $? = 0
configure:13306: result: yes
configure:13283: checking if cc supports flag -fdata-sections in envvar CFLAGS
configure:13295: cc -o conftest -Werror -fdata-sections   conftest.c -lm  >&5
configure:13295: $? = 0
configure:13306: result: yes
configure:13283: checking if cc supports flag -fno-strict-aliasing in envvar CFLAGS
configure:13306: result: yes
configure:13283: checking if cc supports flag -fdiagnostics-show-option in envvar CFLAGS
configure:13295: cc -o conftest -Werror -fdiagnostics-show-option   conftest.c -lm  >&5
configure:13295: $? = 0
configure:13306: result: yes
configure:13283: checking if cc supports flag -fno-common in envvar CFLAGS
configure:13295: cc -o conftest -Werror -fno-common   conftest.c -lm  >&5
configure:13295: $? = 0
configure:13306: result: yes
configure:13322: checking for doxygen
configure:13360: result: no
configure:13366: WARNING: doxygen not found - required for documentation
configure:13381: checking whether to build with gcov
configure:13409: result: no
configure:13412: checking whether to build with coverity support
configure:13443: result: no
configure:13483: checking for a Python interpreter with version >= 2.6
configure:13501: python -c import sys # split strings by '.' and convert to numeric. Append some zeros # because we need at least 4 digits for the hex conversion. # map returns an iterator in Python 3.0 and a list in 2.x minver = list(map(int, '2.6'.split('.'))) + [0, 0, 0] minverhex = 0 # xrange is not present in Python 3.0 and range returns an iterator for i in list(range(0, 4)): minverhex = (minverhex << 8) + minver[i] sys.exit(sys.hexversion < minverhex)
configure:13504: $? = 0
configure:13511: result: python
configure:13519: checking for python
configure:13542: found /usr/local/bin/python
configure:13554: result: /usr/local/bin/python
configure:13571: checking for python version
configure:13579: result: 3.11
configure:13584: checking for python platform
configure:13592: result: linux
configure:13653: checking for GNU default python prefix
configure:13655: result: ${prefix}
configure:13721: checking for GNU default python exec_prefix
configure:13723: result: ${exec_prefix}
configure:13754: checking for python script directory (pythondir)
configure:13796: result: ${PYTHON_PREFIX}/lib/python3.11/site-packages
configure:13804: checking for python extension module directory (pyexecdir)
configure:13846: result: ${PYTHON_EXEC_PREFIX}/lib/python3.11/site-packages
configure:13861: checking for nm
configure:13884: found /usr/bin/nm
configure:13896: result: /usr/bin/nm
configure:14038: checking that generated files are newer than configure
configure:14044: result: done
configure:14091: creating ./config.status

## ---------------------- ##
## Running config.status. ##
## ---------------------- ##

This file was extended by libevdev config.status 1.13.4, which was
generated by GNU Autoconf 2.71.  Invocation command line was

  CONFIG_FILES    = 
  CONFIG_HEADERS  = 
  CONFIG_LINKS    = 
  CONFIG_COMMANDS = 
  $ ./config.status 

on vm

config.status:1142: creating Makefile
config.status:1142: creating libevdev/Makefile
config.status:1142: creating doc/Makefile
config.status:1142: creating doc/libevdev.doxygen
config.status:1142: creating doc/libevdev.man
config.status:1142: creating tools/Makefile
config.status:1142: creating test/Makefile
config.status:1142: creating libevdev.pc
config.status:1142: creating config.h
config.status:1356: executing depfiles commands
config.status:1433: cd libevdev       && sed -e '/# am--include-marker/d' Makefile         | make -f - am--depfiles
config.status:1438: $? = 0
config.status:1433: cd tools       && sed -e '/# am--include-marker/d' Makefile         | make -f - am--depfiles
config.status:1438: $? = 0
config.status:1433: cd test       && sed -e '/# am--include-marker/d' Makefile         | make -f - am--depfiles
config.status:1438: $? = 0
config.status:1356: executing libtool commands
configure:16249: result:
	       Prefix				/home/user/voice/target/debug/build/evdev-sys-f4a7e9274c955740/out
	       Libdir				${exec_prefix}/lib

	       Build documentation		no
	       Enable unit-tests		no
	       Enable profiling			no
	       Enable coverity support		no
	       Static library symbol check	yes
	       

## ---------------- ##
## Cache variables. ##
## ---------------- ##

ac_cv_build=x86_64-pc-linux-gnu
ac_cv_c_compiler_gnu=yes
ac_cv_env_CC_set=set
ac_cv_env_CC_value=cc
ac_cv_env_CFLAGS_set=set
ac_cv_env_CFLAGS_value='-O0 -ffunction-sections -fdata-sections -fPIC -g -gdwarf-4 -fno-omit-frame-pointer -mno-omit-leaf-frame-pointer -m64 -Wall -Wextra '
ac_cv_env_CHECK_CFLAGS_set=
ac_cv_env_CHECK_CFLAGS_value=
ac_cv_env_CHECK_LIBS_set=
ac_cv_env_CHECK_LIBS_value=
ac_cv_env_CPPFLAGS_set=
ac_cv_env_CPPFLAGS_value=
ac_cv_env_LDFLAGS_set=
ac_cv_env_LDFLAGS_value=
ac_cv_env_LIBS_set=
ac_cv_env_LIBS_value=
ac_cv_env_LT_SYS_LIBRARY_PATH_set=
ac_cv_env_LT_SYS_LIBRARY_PATH_value=
ac_cv_env_PKG_CONFIG_LIBDIR_set=
ac_cv_env_PKG_CONFIG_LIBDIR_value=
ac_cv_env_PKG_CONFIG_PATH_set=
ac_cv_env_PKG_CONFIG_PATH_value=
ac_cv_env_PKG_CONFIG_set=
ac_cv_env_PKG_CONFIG_value=
ac_cv_env_PYTHON_set=
ac_cv_env_PYTHON_value=
ac_cv_env_build_alias_set=
ac_cv_env_build_alias_value=
ac_cv_env_host_alias_set=set
ac_cv_env_host_alias_value=x86_64-unknown-linux-gnu
ac_cv_env_target_alias_set=set
ac_cv_env_target_alias_value=x86_64-unknown-linux-gnu
ac_cv_header_dlfcn_h=yes
ac_cv_header_inttypes_h=yes
ac_cv_header_minix_config_h=no
ac_cv_header_stdint_h=yes
ac_cv_header_stdio_h=yes
ac_cv_header_stdlib_h=yes
ac_cv_header_string_h=yes
ac_cv_header_strings_h=yes
ac_cv_header_sys_stat_h=yes
ac_cv_header_sys_types_h=yes
ac_cv_header_unistd_h=yes
ac_cv_header_wchar_h=yes
ac_cv_host=x86_64-unknown-linux-gnu
ac_cv_lib_m_round=yes
ac_cv_objext=o
ac_cv_path_EGREP='/usr/bin/grep -E'
ac_cv_path_FGREP='/usr/bin/grep -F'
ac_cv_path_GREP=/usr/bin/grep
ac_cv_path_NM=/usr/bin/nm
ac_cv_path_PYTHON=/usr/local/bin/python
ac_cv_path_SED=/usr/bin/sed
ac_cv_path_ac_pt_PKG_CONFIG=/usr/bin/pkg-config
ac_cv_path_install='/usr/bin/install -c'
ac_cv_path_lt_DD=/usr/bin/dd
ac_cv_path_mkdir=/usr/bin/mkdir
ac_cv_prog_AWK=mawk
ac_cv_prog_CC=cc
ac_cv_prog_ac_ct_AR=ar
ac_cv_prog_ac_ct_DUMPBIN='link -dump'
ac_cv_prog_ac_ct_FILECMD=file
ac_cv_prog_ac_ct_OBJDUMP=objdump
ac_cv_prog_ac_ct_RANLIB=ranlib
ac_cv_prog_ac_ct_STRIP=strip
ac_cv_prog_cc_c11=
ac_cv_prog_cc_g=yes
ac_cv_prog_cc_stdc=
ac_cv_prog_make_make_set=yes
ac_cv_safe_to_define___extensions__=yes
ac_cv_should_define__xopen_source=no
am_cv_CC_dependencies_compiler_type=gcc3
am_cv_make_support_nested_variables=yes
am_cv_pathless_PYTHON=python
am_cv_prog_cc_c_o=yes
am_cv_python_platform=linux
am_cv_python_pyexecdir='${PYTHON_EXEC_PREFIX}/lib/python3.11/site-packages'
am_cv_python_pythondir='${PYTHON_PREFIX}/lib/python3.11/site-packages'
am_cv_python_version=3.11
cc_cv_CFLAGS__Wall=yes
cc_cv_CFLAGS__Wextra=yes
cc_cv_CFLAGS__Wmissing_prototypes=yes
cc_cv_CFLAGS__Wno_unused_parameter=yes
cc_cv_CFLAGS__Wstrict_prototypes=yes
cc_cv_CFLAGS__fdata_sections=yes
cc_cv_CFLAGS__fdiagnostics_show_option=yes
cc_cv_CFLAGS__ffunction_sections=yes
cc_cv_CFLAGS__fno_common=yes
cc_cv_CFLAGS__fno_strict_aliasing=yes
cc_cv_CFLAGS__fvisibility_hidden=yes
cc_cv_CFLAGS__pipe=yes
cc_cv_LDFLAGS__Wl___as_needed=yes
cc_cv_LDFLAGS__Wl___gc_sections=yes
cc_cv_LDFLAGS__Wl__z_now=yes
cc_cv_LDFLAGS__Wl__z_relro=yes
lt_cv_ar_at_file=@
lt_cv_archive_cmds_need_lc=no
lt_cv_deplibs_check_method=pass_all
lt_cv_file_magic_cmd='$MAGIC_CMD'
lt_cv_file_magic_test_file=
lt_cv_ld_reload_flag=-r
lt_cv_nm_interface='BSD nm'
lt_cv_objdir=.libs
lt_cv_path_LD=/usr/bin/ld
lt_cv_path_NM=no
lt_cv_path_mainfest_tool=no
lt_cv_prog_compiler_c_o=yes
lt_cv_prog_compiler_pic='-fPIC -DPIC'
lt_cv_prog_compiler_pic_works=yes
lt_cv_prog_compiler_rtti_exceptions=no
lt_cv_prog_compiler_static_works=yes
lt_cv_prog_gnu_ld=yes
lt_cv_sharedlib_from_linklib_cmd='printf %s\n'
lt_cv_shlibpath_overrides_runpath=yes
lt_cv_sys_global_symbol_pipe='/usr/bin/sed -n -e '\''s/^.*[	 ]\([ABCDGIRSTW][ABCDGIRSTW]*\)[	 ][	 ]*\([_A-Za-z][_A-Za-z0-9]*\)$/\1 \2 \2/p'\'' | /usr/bin/sed '\''/ __gnu_lto/d'\'''
lt_cv_sys_global_symbol_to_c_name_address='/usr/bin/sed -n -e '\''s/^: \(.*\) .*$/  {"\1", (void *) 0},/p'\'' -e '\''s/^[ABCDGIRSTW][ABCDGIRSTW]* .* \(.*\)$/  {"\1", (void *) \&\1},/p'\'''
lt_cv_sys_global_symbol_to_c_name_address_lib_prefix='/usr/bin/sed -n -e '\''s/^: \(.*\) .*$/  {"\1", (void *) 0},/p'\'' -e '\''s/^[ABCDGIRSTW][ABCDGIRSTW]* .* \(lib.*\)$/  {"\1", (void *) \&\1},/p'\'' -e '\''s/^[ABCDGIRSTW][ABCDGIRSTW]* .* \(.*\)$/  {"lib\1", (void *) \&\1},/p'\'''
lt_cv_sys_global_symbol_to_cdecl='/usr/bin/sed -n -e '\''s/^T .* \(.*\)$/extern int \1();/p'\'' -e '\''s/^[ABCDGIRSTW][ABCDGIRSTW]* .* \(.*\)$/extern char \1;/p'\'''
lt_cv_sys_global_symbol_to_import=
lt_cv_sys_max_cmd_len=1572864
lt_cv_to_host_file_cmd=func_convert_file_noop
lt_cv_to_tool_file_cmd=func_convert_file_noop
lt_cv_truncate_bin='/usr/bin/dd bs=4096 count=1'

## ----------------- ##
## Output variables. ##
## ----------------- ##

ACLOCAL='${SHELL} '\''/home/user/voice/target/debug/build/evdev-sys-f4a7e9274c955740/out/libevdev/build-aux/missing'\'' aclocal-1.16'
AMDEPBACKSLASH='\'
AMDEP_FALSE='#'
AMDEP_TRUE=''
AMTAR='$${TAR-tar}'
AM_BACKSLASH='\'
AM_DEFAULT_V='$(AM_DEFAULT_VERBOSITY)'
AM_DEFAULT_VERBOSITY='0'
AM_V='$(V)'
AR='ar'
AUTOCONF='${SHELL} '\''/home/user/voice/target/debug/build/evdev-sys-f4a7e9274c955740/out/libevdev/build-aux/missing'\'' autoconf'
AUTOHEADER='${SHELL} '\''/home/user/voice/target/debug/build/evdev-sys-f4a7e9274c955740/out/libevdev/build-aux/missing'\'' autoheader'
AUTOMAKE='${SHELL} '\''/home/user/voice/target/debug/build/evdev-sys-f4a7e9274c955740/out/libevdev/build-aux/missing'\'' automake-1.16'
AWK='mawk'
CC='cc'
CCDEPMODE='depmode=gcc3'
CFLAGS='-O0 -ffunction-sections -fdata-sections -fPIC -g -gdwarf-4 -fno-omit-frame-pointer -mno-omit-leaf-frame-pointer -m64 -Wall -Wextra '
CHECK_CFLAGS=''
CHECK_LIBS=''
CPPFLAGS=''
CSCOPE='cscope'
CTAGS='ctags'
CYGPATH_W='echo'
DEFS='-DHAVE_CONFIG_H'
DEPDIR='.deps'
DLLTOOL='false'
DOXYGEN=''
DSYMUTIL=''
DUMPBIN=':'
ECHO_C=''
ECHO_N='-n'
ECHO_T=''
EGREP='/usr/bin/grep -E'
ENABLE_RUNTIME_TESTS_FALSE=''
ENABLE_RUNTIME_TESTS_TRUE='#'
ENABLE_STATIC_LINK_TEST_FALSE='#'
ENABLE_STATIC_LINK_TEST_TRUE=''
ENABLE_STATIC_SYMBOL_LEAKS_TEST_FALSE='#'
ENABLE_STATIC_SYMBOL_LEAKS_TEST_TRUE=''
ETAGS='etags'
EXEEXT=''
FGREP='/usr/bin/grep -F'
FILECMD='file'
GCC_CFLAGS=' -Wall -Wextra -Wno-unused-parameter -Wstrict-prototypes -Wmissing-prototypes -fvisibility=hidden -pipe -fno-strict-aliasing -ffunction-sections -fdata-sections -fno-strict-aliasing -fdiagnostics-show-option -fno-common'
GCOV_CFLAGS=''
GCOV_ENABLED_FALSE=''
GCOV_ENABLED_TRUE='#'
GCOV_LDFLAGS=''
GNU_LD_FLAGS=' -Wl,--as-needed -Wl,--gc-sections -Wl,-z,relro -Wl,-z,now'
GREP='/usr/bin/grep'
HAVE_DOXYGEN_FALSE=''
HAVE_DOXYGEN_TRUE='#'
HAVE_NM_FALSE='#'
HAVE_NM_TRUE=''
INSTALL_DATA='${INSTALL} -m 644'
INSTALL_PROGRAM='${INSTALL}'
INSTALL_SCRIPT='${INSTALL}'
INSTALL_STRIP_PROGRAM='$(install_sh) -c -s'
LD='/usr/bin/ld'
LDFLAGS=''
LIBEVDEV_LT_VERSION='5:0:3'
LIBOBJS=''
LIBS='-lm '
LIBTOOL='$(SHELL) $(top_builddir)/libtool'
LIPO=''
LN_S='ln -s'
LTLIBOBJS=''
LT_SYS_LIBRARY_PATH=''
MAKEINFO='${SHELL} '\''/home/user/voice/target/debug/build/evdev-sys-f4a7e9274c955740/out/libevdev/build-aux/missing'\'' makeinfo'
MANIFEST_TOOL=':'
MKDIR_P='/usr/bin/mkdir -p'
NM='/usr/bin/nm'
NMEDIT=''
OBJDUMP='objdump'
OBJEXT='o'
OS='linux'
OTOOL64=''
OTOOL=''
PACKAGE='libevdev'
PACKAGE_BUGREPORT='https://gitlab.freedesktop.org/libevdev/libevdev/issues/'
PACKAGE_NAME='libevdev'
PACKAGE_STRING='libevdev 1.13.4'
PACKAGE_TARNAME='libevdev'
PACKAGE_URL='http://freedesktop.org/wiki/Software/libevdev/'
PACKAGE_VERSION='1.13.4'
PATH_SEPARATOR=':'
PKG_CONFIG='/usr/bin/pkg-config'
PKG_CONFIG_LIBDIR=''
PKG_CONFIG_PATH=''
PYTHON='/usr/local/bin/python'
PYTHON_EXEC_PREFIX='${exec_prefix}'
PYTHON_PLATFORM='linux'
PYTHON_PREFIX='${prefix}'
PYTHON_VERSION='3.11'
RANLIB='ranlib'
SED='/usr/bin/sed'
SET_MAKE=''
SHELL='/bin/bash'
STRIP='strip'
VERSION='1.13.4'
ac_ct_AR='ar'
ac_ct_CC=''
ac_ct_DUMPBIN='link -dump'
am__EXEEXT_FALSE=''
am__EXEEXT_TRUE='#'
am__fastdepCC_FALSE='#'
am__fastdepCC_TRUE=''
am__include='include'
am__isrc=' -I$(srcdir)'
am__leading_dot='.'
am__nodep='_no'
am__quote=''
am__tar='$${TAR-tar} chof - "$$tardir"'
am__untar='$${TAR-tar} xf -'
bindir='${exec_prefix}/bin'
build='x86_64-pc-linux-gnu'
build_alias=''
build_cpu='x86_64'
build_os='linux-gnu'
build_vendor='pc'
datadir='${datarootdir}'
datarootdir='${prefix}/share'
docdir='${datarootdir}/doc/${PACKAGE_TARNAME}'
dvidir='${docdir}'
exec_prefix='${prefix}'
host='x86_64-unknown-linux-gnu'
host_alias='x86_64-unknown-linux-gnu'
host_cpu='x86_64'
host_os='linux-gnu'
host_vendor='unknown'
htmldir='${docdir}'
includedir='${prefix}/include'
infodir='${datarootdir}/info'
install_sh='${SHELL} /home/user/voice/target/debug/build/evdev-sys-f4a7e9274c955740/out/libevdev/build-aux/install-sh'
libdir='${exec_prefix}/lib'
libexecdir='${exec_prefix}/libexec'
localedir='${datarootdir}/locale'
localstatedir='${prefix}/var'
mandir='${datarootdir}/man'
mkdir_p='$(MKDIR_P)'
oldincludedir='/usr/include'
pdfdir='${docdir}'
pkgpyexecdir='${pyexecdir}/libevdev'
pkgpythondir='${pythondir}/libevdev'
prefix='/home/user/voice/target/debug/build/evdev-sys-f4a7e9274c955740/out'
program_transform_name='s,x,x,'
psdir='${docdir}'
pyexecdir='${PYTHON_EXEC_PREFIX}/lib/python3.11/site-packages'
pythondir='${PYTHON_PREFIX}/lib/python3.11/site-packages'
runstatedir='${localstatedir}/run'
sbindir='${exec_prefix}/sbin'
sharedstatedir='${prefix}/com'
sysconfdir='${prefix}/etc'
target_alias='x86_64-unknown-linux-gnu'

## ----------- ##
## confdefs.h. ##
## ----------- ##

/* confdefs.h */
#define PACKAGE_NAME "libevdev"
#define PACKAGE_TARNAME "libevdev"
#define PACKAGE_VERSION "1.13.4"
#define PACKAGE_STRING "libevdev 1.13.4"
#define PACKAGE_BUGREPORT "https://gitlab.freedesktop.org/libevdev/libevdev/issues/"
#define PACKAGE_URL "http://freedesktop.org/wiki/Software/libevdev/"
#define HAVE_STDIO_H 1
#define HAVE_STDLIB_H 1
#define HAVE_STRING_H 1
#define HAVE_INTTYPES_H 1
#define HAVE_STDINT_H 1
#define HAVE_STRINGS_H 1
#define HAVE_SYS_STAT_H 1
#define HAVE_SYS_TYPES_H 1
#define HAVE_UNISTD_H 1
#define HAVE_WCHAR_H 1
#define STDC_HEADERS 1
#define _ALL_SOURCE 1
#define _DARWIN_C_SOURCE 1
#define _GNU_SOURCE 1
#define _HPUX_ALT_XOPEN_SOCKET_API 1
#define _NETBSD_SOURCE 1
#define _OPENBSD_SOURCE 1
#define _POSIX_PTHREAD_SEMANTICS 1
#define __STDC_WANT_IEC_60559_ATTRIBS_EXT__ 1
#define __STDC_WANT_IEC_60559_BFP_EXT__ 1
#define __STDC_WANT_IEC_60559_DFP_EXT__ 1
#define __STDC_WANT_IEC_60559_FUNCS_EXT__ 1
#define __STDC_WANT_IEC_60559_TYPES_EXT__ 1
#define __STDC_WANT_LIB_EXT2__ 1
#define __STDC_WANT_MATH_SPEC_FUNCS__ 1
#define _TANDEM_SOURCE 1
#define __EXTENSIONS__ 1
#define PACKAGE "libevdev"
#define VERSION "1.13.4"
#define HAVE_DLFCN_H 1
#define LT_OBJDIR ".libs/"
#define HAVE_LIBM 1

configure: exit 0
